
_____________________________________________
NEW BENCHMARK AT: 2024-02-03 10:46:35
READING ..\tests\B\b01.stp
Time consumed for Input Reading:0.64500000ms
I read: |V| = 50, |E| = 63, |S| = 9
Got distance matroid with size 51
Time consumed for Input Preprocessing:0.47900000ms
Running algorithm...
	Init population: Done heuristics
At 10 got 82
At 20 got 82
At 30 got 82
At 40 got 82
At 50 got 82
At 60 got 82
At 70 got 82
At 80 got 82
At 90 got 82
At 100 got 82
Time consumed for Main algorithm:3138.82500000ms
READING ..\tests\B\b02.stp
Time consumed for Input Reading:1.03800000ms
I read: |V| = 50, |E| = 63, |S| = 13
Got distance matroid with size 51
Time consumed for Input Preprocessing:1.06200000ms
Running algorithm...
	Init population: Done heuristics
At 10 got 83
At 20 got 83
At 30 got 83
At 40 got 83
At 50 got 83
At 60 got 83
At 70 got 83
At 80 got 83
At 90 got 83
At 100 got 83
Time consumed for Main algorithm:3502.22100000ms
READING ..\tests\B\b03.stp
Time consumed for Input Reading:0.84800000ms
I read: |V| = 50, |E| = 63, |S| = 25
Got distance matroid with size 51
Time consumed for Input Preprocessing:0.44100000ms
Running algorithm...
	Init population: Done heuristics
At 10 got 138
At 20 got 138
At 30 got 138
At 40 got 138
At 50 got 138
At 60 got 138
At 70 got 138
At 80 got 138
At 90 got 138
At 100 got 138
Time consumed for Main algorithm:2527.88100000ms
READING ..\tests\B\b04.stp
Time consumed for Input Reading:0.73500000ms
I read: |V| = 50, |E| = 100, |S| = 9
Got distance matroid with size 51
Time consumed for Input Preprocessing:0.74400000ms
Running algorithm...
	Init population: Done heuristics
At 10 got 59
At 20 got 59
At 30 got 59
At 40 got 59
At 50 got 59
At 60 got 59
At 70 got 59
At 80 got 59
At 90 got 59
At 100 got 59
Time consumed for Main algorithm:2015.13200000ms
READING ..\tests\B\b05.stp
Time consumed for Input Reading:1.34600000ms
I read: |V| = 50, |E| = 100, |S| = 13
Got distance matroid with size 51
Time consumed for Input Preprocessing:1.34200000ms
Running algorithm...
	Init population: Done heuristics
At 10 got 61
At 20 got 61
At 30 got 61
At 40 got 61
At 50 got 61
At 60 got 61
At 70 got 61
At 80 got 61
At 90 got 61
At 100 got 61
Time consumed for Main algorithm:2284.92000000ms
READING ..\tests\B\b06.stp
Time consumed for Input Reading:0.82800000ms
I read: |V| = 50, |E| = 100, |S| = 25
Got distance matroid with size 51
Time consumed for Input Preprocessing:0.58300000ms
Running algorithm...
	Init population: Done heuristics
At 10 got 122
At 20 got 122
At 30 got 122
At 40 got 122
At 50 got 122
At 60 got 122
At 70 got 122
At 80 got 122
At 90 got 122
At 100 got 122
Time consumed for Main algorithm:2640.17200000ms
READING ..\tests\B\b07.stp
Time consumed for Input Reading:0.85400000ms
I read: |V| = 75, |E| = 94, |S| = 13
Got distance matroid with size 76
Time consumed for Input Preprocessing:2.58900000ms
Running algorithm...
	Init population: Done heuristics
At 10 got 111
At 20 got 111
At 30 got 111
At 40 got 111
At 50 got 111
At 60 got 111
At 70 got 111
At 80 got 111
At 90 got 111
At 100 got 111
Time consumed for Main algorithm:2592.93400000ms
READING ..\tests\B\b08.stp
Time consumed for Input Reading:0.89200000ms
I read: |V| = 75, |E| = 94, |S| = 19
Got distance matroid with size 76
Time consumed for Input Preprocessing:1.57600000ms
Running algorithm...
	Init population: Done heuristics
At 10 got 104
At 20 got 104
At 30 got 104
At 40 got 104
At 50 got 104
At 60 got 104
At 70 got 104
At 80 got 104
At 90 got 104
At 100 got 104
Time consumed for Main algorithm:2605.33300000ms
READING ..\tests\B\b09.stp
Time consumed for Input Reading:0.90700000ms
I read: |V| = 75, |E| = 94, |S| = 38
Got distance matroid with size 76
Time consumed for Input Preprocessing:0.75600000ms
Running algorithm...
	Init population: Done heuristics
At 10 got 220
At 20 got 220
At 30 got 220
At 40 got 220
At 50 got 220
At 60 got 220
At 70 got 220
At 80 got 220
At 90 got 220
At 100 got 220
Time consumed for Main algorithm:2486.48900000ms
READING ..\tests\B\b10.stp
Time consumed for Input Reading:1.46900000ms
I read: |V| = 75, |E| = 150, |S| = 13
Got distance matroid with size 76
Time consumed for Input Preprocessing:3.44000000ms
Running algorithm...
	Init population: Done heuristics
At 10 got 86
At 20 got 86
At 30 got 86
At 40 got 86
At 50 got 86
At 60 got 86
At 70 got 86
At 80 got 86
At 90 got 86
At 100 got 86
Time consumed for Main algorithm:2341.77600000ms
READING ..\tests\B\b11.stp
Time consumed for Input Reading:1.46300000ms
I read: |V| = 75, |E| = 150, |S| = 19
Got distance matroid with size 76
Time consumed for Input Preprocessing:2.84200000ms
Running algorithm...
	Init population: Done heuristics
At 10 got 88
At 20 got 88
At 30 got 88
At 40 got 88
At 50 got 88
At 60 got 88
At 70 got 88
At 80 got 88
At 90 got 88
At 100 got 88
Time consumed for Main algorithm:2546.57000000ms
READING ..\tests\B\b12.stp
Time consumed for Input Reading:1.18600000ms
I read: |V| = 75, |E| = 150, |S| = 38
Got distance matroid with size 76
Time consumed for Input Preprocessing:1.92100000ms
Running algorithm...
	Init population: Done heuristics
At 10 got 174
At 20 got 174
At 30 got 174
At 40 got 174
At 50 got 174
At 60 got 174
At 70 got 174
At 80 got 174
At 90 got 174
At 100 got 174
Time consumed for Main algorithm:2910.71700000ms
READING ..\tests\B\b13.stp
Time consumed for Input Reading:0.99700000ms
I read: |V| = 100, |E| = 125, |S| = 17
Got distance matroid with size 101
Time consumed for Input Preprocessing:2.97100000ms
Running algorithm...
	Init population: Done heuristics
At 10 got 165
At 20 got 165
At 30 got 165
At 40 got 165
At 50 got 165
At 60 got 165
At 70 got 165
At 80 got 165
At 90 got 165
At 100 got 165
Time consumed for Main algorithm:2412.91200000ms
READING ..\tests\B\b14.stp
Time consumed for Input Reading:1.01400000ms
I read: |V| = 100, |E| = 125, |S| = 25
Got distance matroid with size 101
Time consumed for Input Preprocessing:1.94600000ms
Running algorithm...
	Init population: Done heuristics
At 10 got 236
At 20 got 236
At 30 got 236
At 40 got 235
At 50 got 235
At 60 got 235
At 70 got 235
At 80 got 235
At 90 got 235
At 100 got 235
Time consumed for Main algorithm:2865.83600000ms
READING ..\tests\B\b15.stp
Time consumed for Input Reading:1.61000000ms
I read: |V| = 100, |E| = 125, |S| = 50
Got distance matroid with size 101
Time consumed for Input Preprocessing:2.28500000ms
Running algorithm...
	Init population: Done heuristics
At 10 got 318
At 20 got 318
At 30 got 318
At 40 got 318
At 50 got 318
At 60 got 318
At 70 got 318
At 80 got 318
At 90 got 318
At 100 got 318
Time consumed for Main algorithm:3359.98400000ms
READING ..\tests\B\b16.stp
Time consumed for Input Reading:1.17500000ms
I read: |V| = 100, |E| = 200, |S| = 17
Got distance matroid with size 101
Time consumed for Input Preprocessing:2.90000000ms
Running algorithm...
	Init population: Done heuristics
At 10 got 127
At 20 got 127
At 30 got 127
At 40 got 127
At 50 got 127
At 60 got 127
At 70 got 127
At 80 got 127
At 90 got 127
At 100 got 127
Time consumed for Main algorithm:2946.28200000ms
READING ..\tests\B\b17.stp
Time consumed for Input Reading:1.02100000ms
I read: |V| = 100, |E| = 200, |S| = 25
Got distance matroid with size 101
Time consumed for Input Preprocessing:3.63600000ms
Running algorithm...
	Init population: Done heuristics
At 10 got 131
At 20 got 131
At 30 got 131
At 40 got 131
At 50 got 131
At 60 got 131
At 70 got 131
At 80 got 131
At 90 got 131
At 100 got 131
Time consumed for Main algorithm:3809.74500000ms
READING ..\tests\B\b18.stp
Time consumed for Input Reading:1.47500000ms
I read: |V| = 100, |E| = 200, |S| = 50
Got distance matroid with size 101
Time consumed for Input Preprocessing:6.13700000ms
Running algorithm...
	Init population: Done heuristics
At 10 got 219
At 20 got 218
At 30 got 218
At 40 got 218
At 50 got 218
At 60 got 218
At 70 got 218
At 80 got 218
At 90 got 218
At 100 got 218
Time consumed for Main algorithm:3711.62900000ms
READING ..\tests\C\c01.stp
Time consumed for Input Reading:1.43000000ms
I read: |V| = 500, |E| = 625, |S| = 5
Got distance matroid with size 501
Time consumed for Input Preprocessing:159.69800000ms
Running algorithm...
	Init population: Done heuristics
At 10 got 85
At 20 got 85
At 30 got 85
At 40 got 85
At 50 got 85
At 60 got 85
At 70 got 85
At 80 got 85
At 90 got 85
At 100 got 85
Time consumed for Main algorithm:6880.88400000ms
READING ..\tests\C\c02.stp
Time consumed for Input Reading:74.23200000ms
I read: |V| = 500, |E| = 625, |S| = 10
Got distance matroid with size 501
Time consumed for Input Preprocessing:255.10000000ms
Running algorithm...
	Init population: Done heuristics
At 10 got 144
At 20 got 144
At 30 got 144
At 40 got 144
At 50 got 144
At 60 got 144
At 70 got 144
At 80 got 144
At 90 got 144
At 100 got 144
Time consumed for Main algorithm:6926.41300000ms
READING ..\tests\C\c03.stp
Time consumed for Input Reading:83.36500000ms
I read: |V| = 500, |E| = 625, |S| = 83
Got distance matroid with size 501
Time consumed for Input Preprocessing:355.06500000ms
Running algorithm...
	Init population: Done heuristics
At 10 got 779
At 20 got 765
At 30 got 760
At 40 got 754
At 50 got 754
At 60 got 754
At 70 got 754
At 80 got 754
At 90 got 754
At 100 got 754
Time consumed for Main algorithm:13547.30100000ms
READING ..\tests\C\c04.stp
Time consumed for Input Reading:52.16700000ms
I read: |V| = 500, |E| = 625, |S| = 125
Got distance matroid with size 501
Time consumed for Input Preprocessing:248.00300000ms
Running algorithm...
	Init population: Done heuristics
At 10 got 1099
At 20 got 1085
At 30 got 1083
At 40 got 1083
At 50 got 1083
At 60 got 1083
At 70 got 1079
At 80 got 1079
At 90 got 1079
At 100 got 1079
Time consumed for Main algorithm:12770.01400000ms
READING ..\tests\C\c05.stp
Time consumed for Input Reading:46.03200000ms
I read: |V| = 500, |E| = 625, |S| = 250
Got distance matroid with size 501
Time consumed for Input Preprocessing:265.93700000ms
Running algorithm...
	Init population: Done heuristics
At 10 got 1590
At 20 got 1582
At 30 got 1581
At 40 got 1580
At 50 got 1580
At 60 got 1579
At 70 got 1579
At 80 got 1579
At 90 got 1579
At 100 got 1579
Time consumed for Main algorithm:14250.14200000ms
READING ..\tests\C\c06.stp
Time consumed for Input Reading:39.27800000ms
I read: |V| = 500, |E| = 1000, |S| = 5
Got distance matroid with size 501
Time consumed for Input Preprocessing:437.66100000ms
Running algorithm...
	Init population: Done heuristics
At 10 got 55
At 20 got 55
At 30 got 55
At 40 got 55
At 50 got 55
At 60 got 55
At 70 got 55
At 80 got 55
At 90 got 55
At 100 got 55
Time consumed for Main algorithm:9898.06900000ms
READING ..\tests\C\c07.stp
Time consumed for Input Reading:30.13100000ms
I read: |V| = 500, |E| = 1000, |S| = 10
Got distance matroid with size 501
Time consumed for Input Preprocessing:374.82100000ms
Running algorithm...
	Init population: Done heuristics
At 10 got 103
At 20 got 103
At 30 got 103
At 40 got 103
At 50 got 103
At 60 got 102
At 70 got 102
At 80 got 102
At 90 got 102
At 100 got 102
Time consumed for Main algorithm:10339.44400000ms
READING ..\tests\C\c08.stp
Time consumed for Input Reading:27.73600000ms
I read: |V| = 500, |E| = 1000, |S| = 83
Got distance matroid with size 501
Time consumed for Input Preprocessing:368.94500000ms
Running algorithm...
	Init population: Done heuristics
At 10 got 525
At 20 got 516
At 30 got 515
At 40 got 513
At 50 got 512
At 60 got 511
At 70 got 511
At 80 got 510
At 90 got 510
At 100 got 510
Time consumed for Main algorithm:14889.98900000ms
READING ..\tests\C\c09.stp
Time consumed for Input Reading:25.37800000ms
I read: |V| = 500, |E| = 1000, |S| = 125
Got distance matroid with size 501
Time consumed for Input Preprocessing:380.33300000ms
Running algorithm...
	Init population: Done heuristics
At 10 got 729
At 20 got 724
At 30 got 722
At 40 got 717
At 50 got 714
At 60 got 713
At 70 got 713
At 80 got 712
At 90 got 712
At 100 got 712
Time consumed for Main algorithm:14510.24800000ms
READING ..\tests\C\c10.stp
Time consumed for Input Reading:44.50900000ms
I read: |V| = 500, |E| = 1000, |S| = 250
Got distance matroid with size 501
Time consumed for Input Preprocessing:554.91700000ms
Running algorithm...
	Init population: Done heuristics
At 10 got 1113
At 20 got 1105
At 30 got 1098
At 40 got 1098
At 50 got 1095
At 60 got 1095
At 70 got 1095
At 80 got 1095
At 90 got 1095
At 100 got 1095
Time consumed for Main algorithm:17266.65400000ms
READING ..\tests\C\c11.stp
Time consumed for Input Reading:24.20400000ms
I read: |V| = 500, |E| = 2500, |S| = 5
Got distance matroid with size 501
Time consumed for Input Preprocessing:636.49500000ms
Running algorithm...
	Init population: Done heuristics
At 10 got 32
At 20 got 32
At 30 got 32
At 40 got 32
At 50 got 32
At 60 got 32
At 70 got 32
At 80 got 32
At 90 got 32
At 100 got 32
At 110 got 32
At 120 got 32
At 130 got 32
At 140 got 32
At 150 got 32
At 160 got 32
At 170 got 32
At 180 got 32
At 190 got 32
At 200 got 32
Time consumed for Main algorithm:60918.31100000ms
READING ..\tests\C\c12.stp
Time consumed for Input Reading:22.51100000ms
I read: |V| = 500, |E| = 2500, |S| = 10
Got distance matroid with size 501
Time consumed for Input Preprocessing:651.08800000ms
Running algorithm...
	Init population: Done heuristics
At 10 got 46
At 20 got 46
At 30 got 46
At 40 got 46
At 50 got 46
At 60 got 46
At 70 got 46
At 80 got 46
At 90 got 46
At 100 got 46
At 110 got 46
At 120 got 46
At 130 got 46
At 140 got 46
At 150 got 46
At 160 got 46
At 170 got 46
At 180 got 46
At 190 got 46
At 200 got 46
Time consumed for Main algorithm:59164.80900000ms
READING ..\tests\C\c13.stp
Time consumed for Input Reading:20.20800000ms
I read: |V| = 500, |E| = 2500, |S| = 83
Got distance matroid with size 501
Time consumed for Input Preprocessing:572.60300000ms
Running algorithm...
	Init population: Done heuristics
At 10 got 270
At 20 got 270
At 30 got 266
At 40 got 265
At 50 got 263
At 60 got 260
At 70 got 259
At 80 got 259
At 90 got 259
At 100 got 258
At 110 got 258
At 120 got 258
At 130 got 258
At 140 got 258
At 150 got 258
At 160 got 258
At 170 got 258
At 180 got 258
At 190 got 258
At 200 got 258
Time consumed for Main algorithm:67063.12600000ms
READING ..\tests\C\c14.stp
Time consumed for Input Reading:19.82900000ms
I read: |V| = 500, |E| = 2500, |S| = 125
Got distance matroid with size 501
Time consumed for Input Preprocessing:569.02000000ms
Running algorithm...
	Init population: Done heuristics
At 10 got 342
At 20 got 336
At 30 got 331
At 40 got 331
At 50 got 329
At 60 got 328
At 70 got 326
At 80 got 325
At 90 got 325
At 100 got 325
At 110 got 325
At 120 got 325
At 130 got 325
At 140 got 325
At 150 got 325
At 160 got 324
At 170 got 324
At 180 got 324
At 190 got 324
At 200 got 324
Time consumed for Main algorithm:68450.50000000ms
READING ..\tests\C\c15.stp
Time consumed for Input Reading:17.77100000ms
I read: |V| = 500, |E| = 2500, |S| = 250
Got distance matroid with size 501
Time consumed for Input Preprocessing:561.76900000ms
Running algorithm...
	Init population: Done heuristics
At 10 got 584
At 20 got 569
At 30 got 561
At 40 got 558
At 50 got 558
At 60 got 558
At 70 got 558
At 80 got 558
At 90 got 558
At 100 got 558
At 110 got 558
At 120 got 558
At 130 got 558
At 140 got 558
At 150 got 558
At 160 got 558
At 170 got 558
At 180 got 558
At 190 got 558
At 200 got 558
Time consumed for Main algorithm:73956.38500000ms
READING ..\tests\C\c16.stp
Time consumed for Input Reading:31.40000000ms
I read: |V| = 500, |E| = 12500, |S| = 5
Got distance matroid with size 501
Time consumed for Input Preprocessing:685.86400000ms
Running algorithm...
	Init population: Done heuristics
At 10 got 12
At 20 got 11
At 30 got 11
At 40 got 11
At 50 got 11
At 60 got 11
At 70 got 11
At 80 got 11
At 90 got 11
At 100 got 11
At 110 got 11
At 120 got 11
At 130 got 11
At 140 got 11
At 150 got 11
At 160 got 11
At 170 got 11
At 180 got 11
At 190 got 11
At 200 got 11
Time consumed for Main algorithm:159902.46700000ms
READING ..\tests\C\c17.stp
Time consumed for Input Reading:50.61100000ms
I read: |V| = 500, |E| = 12500, |S| = 10
Got distance matroid with size 501
Time consumed for Input Preprocessing:860.96400000ms
Running algorithm...
	Init population: Done heuristics
At 10 got 20
At 20 got 20
At 30 got 19
At 40 got 19
At 50 got 19
At 60 got 19
At 70 got 19
At 80 got 19
At 90 got 19
At 100 got 19
At 110 got 19
At 120 got 19
At 130 got 19
At 140 got 19
At 150 got 19
At 160 got 19
At 170 got 19
At 180 got 19
At 190 got 19
At 200 got 19
Time consumed for Main algorithm:168749.36900000ms
READING ..\tests\C\c18.stp
Time consumed for Input Reading:34.09700000ms
I read: |V| = 500, |E| = 12500, |S| = 83
Got distance matroid with size 501
Time consumed for Input Preprocessing:802.15100000ms
Running algorithm...
	Init population: Done heuristics
At 10 got 139
At 20 got 132
At 30 got 125
At 40 got 122
At 50 got 120
At 60 got 119
At 70 got 118
At 80 got 117
At 90 got 117
At 100 got 117
At 110 got 117
At 120 got 116
At 130 got 116
At 140 got 116
At 150 got 116
At 160 got 116
At 170 got 116
At 180 got 116
At 190 got 116
At 200 got 116
Time consumed for Main algorithm:162660.98700000ms
READING ..\tests\C\c19.stp
Time consumed for Input Reading:27.72900000ms
I read: |V| = 500, |E| = 12500, |S| = 125
Got distance matroid with size 501
Time consumed for Input Preprocessing:660.45200000ms
Running algorithm...
	Init population: Done heuristics
At 10 got 180
At 20 got 169
At 30 got 164
At 40 got 160
At 50 got 159
At 60 got 157
At 70 got 156
At 80 got 155
At 90 got 155
At 100 got 155
At 110 got 155
At 120 got 155
At 130 got 155
At 140 got 155
At 150 got 155
At 160 got 155
At 170 got 155
At 180 got 155
At 190 got 155
At 200 got 155
Time consumed for Main algorithm:175440.57200000ms
READING ..\tests\C\c20.stp
Time consumed for Input Reading:26.12500000ms
I read: |V| = 500, |E| = 12500, |S| = 250
Got distance matroid with size 501
Time consumed for Input Preprocessing:673.44800000ms
Running algorithm...
	Init population: Done heuristics
At 10 got 306
At 20 got 295
At 30 got 288
At 40 got 285
At 50 got 279
At 60 got 278
At 70 got 276
At 80 got 273
At 90 got 273
At 100 got 273
At 110 got 273
At 120 got 273
At 130 got 273
At 140 got 272
At 150 got 272
At 160 got 272
At 170 got 272
At 180 got 272
At 190 got 272
At 200 got 272
Time consumed for Main algorithm:175183.09200000ms
READING ..\tests\D\d01.stp
Time consumed for Input Reading:9.55100000ms
I read: |V| = 1000, |E| = 1250, |S| = 5
Got distance matroid with size 1001
Time consumed for Input Preprocessing:1428.64300000ms
Running algorithm...
	Init population: Done heuristics
At 10 got 106
At 20 got 106
At 30 got 106
At 40 got 106
At 50 got 106
At 60 got 106
At 70 got 106
At 80 got 106
At 90 got 106
At 100 got 106
At 110 got 106
At 120 got 106
At 130 got 106
At 140 got 106
At 150 got 106
At 160 got 106
At 170 got 106
At 180 got 106
At 190 got 106
At 200 got 106
Time consumed for Main algorithm:18394.10600000ms
READING ..\tests\D\d02.stp
Time consumed for Input Reading:135.67000000ms
I read: |V| = 1000, |E| = 1250, |S| = 10
Got distance matroid with size 1001
Time consumed for Input Preprocessing:1629.43500000ms
Running algorithm...
	Init population: Done heuristics
At 10 got 220
At 20 got 220
At 30 got 220
At 40 got 220
At 50 got 220
At 60 got 220
At 70 got 220
At 80 got 220
At 90 got 220
At 100 got 220
At 110 got 220
At 120 got 220
At 130 got 220
At 140 got 220
At 150 got 220
At 160 got 220
At 170 got 220
At 180 got 220
At 190 got 220
At 200 got 220
Time consumed for Main algorithm:20049.29500000ms
READING ..\tests\D\d03.stp
Time consumed for Input Reading:115.24600000ms
I read: |V| = 1000, |E| = 1250, |S| = 167
Got distance matroid with size 1001
Time consumed for Input Preprocessing:1694.81100000ms
Running algorithm...
	Init population: Done heuristics
At 10 got 1599
At 20 got 1588
At 30 got 1584
At 40 got 1576
At 50 got 1573
At 60 got 1571
At 70 got 1570
At 80 got 1570
At 90 got 1570
At 100 got 1570
At 110 got 1570
At 120 got 1570
At 130 got 1570
At 140 got 1570
At 150 got 1570
At 160 got 1566
At 170 got 1566
At 180 got 1566
At 190 got 1566
At 200 got 1566
Time consumed for Main algorithm:31395.34100000ms
READING ..\tests\D\d04.stp
Time consumed for Input Reading:115.76300000ms
I read: |V| = 1000, |E| = 1250, |S| = 250
Got distance matroid with size 1001
Time consumed for Input Preprocessing:1467.66700000ms
Running algorithm...
	Init population: Done heuristics
At 10 got 1981
At 20 got 1963
At 30 got 1952
At 40 got 1946
At 50 got 1945
At 60 got 1943
At 70 got 1943
At 80 got 1943
At 90 got 1943
At 100 got 1943
At 110 got 1940
At 120 got 1940
At 130 got 1940
At 140 got 1940
At 150 got 1940
At 160 got 1940
At 170 got 1940
At 180 got 1940
At 190 got 1940
At 200 got 1940
Time consumed for Main algorithm:33931.06200000ms
READING ..\tests\D\d05.stp
Time consumed for Input Reading:103.76700000ms
I read: |V| = 1000, |E| = 1250, |S| = 500
Got distance matroid with size 1001
Time consumed for Input Preprocessing:1730.77700000ms
Running algorithm...
	Init population: Done heuristics
At 10 got 3285
At 20 got 3271
At 30 got 3266
At 40 got 3262
At 50 got 3261
At 60 got 3261
At 70 got 3261
At 80 got 3261
At 90 got 3261
At 100 got 3261
At 110 got 3261
At 120 got 3261
At 130 got 3261
At 140 got 3261
At 150 got 3261
At 160 got 3261
At 170 got 3261
At 180 got 3261
At 190 got 3261
At 200 got 3261
Time consumed for Main algorithm:44496.26900000ms
READING ..\tests\D\d06.stp
Time consumed for Input Reading:109.36600000ms
I read: |V| = 1000, |E| = 2000, |S| = 5
Got distance matroid with size 1001
Time consumed for Input Preprocessing:3013.08700000ms
Running algorithm...
	Init population: Done heuristics
At 10 got 67
At 20 got 67
At 30 got 67
At 40 got 67
At 50 got 67
At 60 got 67
At 70 got 67
At 80 got 67
At 90 got 67
At 100 got 67
At 110 got 67
At 120 got 67
At 130 got 67
At 140 got 67
At 150 got 67
At 160 got 67
At 170 got 67
At 180 got 67
At 190 got 67
At 200 got 67
Time consumed for Main algorithm:27481.61300000ms
READING ..\tests\D\d07.stp
Time consumed for Input Reading:109.57200000ms
I read: |V| = 1000, |E| = 2000, |S| = 10
Got distance matroid with size 1001
Time consumed for Input Preprocessing:2789.83800000ms
Running algorithm...
	Init population: Done heuristics
At 10 got 103
At 20 got 103
At 30 got 103
At 40 got 103
At 50 got 103
At 60 got 103
At 70 got 103
At 80 got 103
At 90 got 103
At 100 got 103
At 110 got 103
At 120 got 103
At 130 got 103
At 140 got 103
At 150 got 103
At 160 got 103
At 170 got 103
At 180 got 103
At 190 got 103
At 200 got 103
Time consumed for Main algorithm:27067.21700000ms
READING ..\tests\D\d08.stp
Time consumed for Input Reading:109.79400000ms
I read: |V| = 1000, |E| = 2000, |S| = 167
Got distance matroid with size 1001
Time consumed for Input Preprocessing:2939.44200000ms
Running algorithm...
	Init population: Done heuristics
At 10 got 1132
At 20 got 1111
At 30 got 1098
At 40 got 1096
At 50 got 1094
At 60 got 1089
At 70 got 1087
At 80 got 1085
At 90 got 1084
At 100 got 1080
At 110 got 1080
At 120 got 1078
At 130 got 1077
At 140 got 1076
At 150 got 1076
At 160 got 1076
At 170 got 1076
At 180 got 1076
At 190 got 1076
At 200 got 1075
Time consumed for Main algorithm:40177.32100000ms
READING ..\tests\D\d09.stp
Time consumed for Input Reading:106.99800000ms
I read: |V| = 1000, |E| = 2000, |S| = 250
Got distance matroid with size 1001
Time consumed for Input Preprocessing:3046.76600000ms
Running algorithm...
	Init population: Done heuristics
At 10 got 1517
At 20 got 1490
At 30 got 1479
At 40 got 1472
At 50 got 1471
At 60 got 1470
At 70 got 1467
At 80 got 1463
At 90 got 1463
At 100 got 1463
At 110 got 1463
At 120 got 1462
At 130 got 1462
At 140 got 1460
At 150 got 1460
At 160 got 1460
At 170 got 1460
At 180 got 1459
At 190 got 1459
At 200 got 1458
Time consumed for Main algorithm:46354.69400000ms
READING ..\tests\D\d10.stp
Time consumed for Input Reading:106.74900000ms
I read: |V| = 1000, |E| = 2000, |S| = 500
Got distance matroid with size 1001
Time consumed for Input Preprocessing:2924.42900000ms
Running algorithm...
	Init population: Done heuristics
At 10 got 2154
At 20 got 2149
At 30 got 2132
At 40 got 2129
At 50 got 2124
At 60 got 2122
At 70 got 2122
At 80 got 2121
At 90 got 2121
At 100 got 2120
At 110 got 2120
At 120 got 2120
At 130 got 2120
At 140 got 2120
At 150 got 2120
At 160 got 2120
At 170 got 2120
At 180 got 2120
At 190 got 2120
At 200 got 2120
Time consumed for Main algorithm:53303.15200000ms
READING ..\tests\D\d11.stp
Time consumed for Input Reading:117.11600000ms
I read: |V| = 1000, |E| = 5000, |S| = 5
Got distance matroid with size 1001
Time consumed for Input Preprocessing:4763.30000000ms
Running algorithm...
	Init population: Done heuristics
At 10 got 29
At 20 got 29
At 30 got 29
At 40 got 29
At 50 got 29
At 60 got 29
At 70 got 29
At 80 got 29
At 90 got 29
At 100 got 29
At 110 got 29
At 120 got 29
At 130 got 29
At 140 got 29
At 150 got 29
At 160 got 29
At 170 got 29
At 180 got 29
At 190 got 29
At 200 got 29
Time consumed for Main algorithm:67133.20700000ms
READING ..\tests\D\d12.stp
Time consumed for Input Reading:127.71300000ms
I read: |V| = 1000, |E| = 5000, |S| = 10
Got distance matroid with size 1001
Time consumed for Input Preprocessing:4536.35400000ms
Running algorithm...
	Init population: Done heuristics
At 10 got 43
At 20 got 42
At 30 got 42
At 40 got 42
At 50 got 42
At 60 got 42
At 70 got 42
At 80 got 42
At 90 got 42
At 100 got 42
At 110 got 42
At 120 got 42
At 130 got 42
At 140 got 42
At 150 got 42
At 160 got 42
At 170 got 42
At 180 got 42
At 190 got 42
At 200 got 42
Time consumed for Main algorithm:67302.20100000ms
READING ..\tests\D\d13.stp
Time consumed for Input Reading:115.14500000ms
I read: |V| = 1000, |E| = 5000, |S| = 167
Got distance matroid with size 1001
Time consumed for Input Preprocessing:4444.66000000ms
Running algorithm...
	Init population: Done heuristics
At 10 got 550
At 20 got 530
At 30 got 528
At 40 got 521
At 50 got 516
At 60 got 507
At 70 got 507
At 80 got 507
At 90 got 505
At 100 got 503
At 110 got 503
At 120 got 503
At 130 got 503
At 140 got 503
At 150 got 503
At 160 got 502
At 170 got 502
At 180 got 502
At 190 got 502
At 200 got 502
Time consumed for Main algorithm:89110.17600000ms
READING ..\tests\D\d14.stp
Time consumed for Input Reading:111.49000000ms
I read: |V| = 1000, |E| = 5000, |S| = 250
Got distance matroid with size 1001
Time consumed for Input Preprocessing:4520.04000000ms
Running algorithm...
	Init population: Done heuristics
At 10 got 727
At 20 got 704
At 30 got 695
At 40 got 692
At 50 got 688
At 60 got 687
At 70 got 683
At 80 got 678
At 90 got 677
At 100 got 675
At 110 got 675
At 120 got 674
At 130 got 674
At 140 got 674
At 150 got 674
At 160 got 674
At 170 got 674
At 180 got 673
At 190 got 673
At 200 got 673
Time consumed for Main algorithm:107895.27200000ms
READING ..\tests\D\d15.stp
Time consumed for Input Reading:109.79700000ms
I read: |V| = 1000, |E| = 5000, |S| = 500
Got distance matroid with size 1001
Time consumed for Input Preprocessing:4343.42200000ms
Running algorithm...
	Init population: Done heuristics
At 10 got 1180
At 20 got 1159
At 30 got 1147
At 40 got 1137
At 50 got 1134
At 60 got 1129
At 70 got 1126
At 80 got 1125
At 90 got 1125
At 100 got 1124
At 110 got 1124
At 120 got 1124
At 130 got 1124
At 140 got 1124
At 150 got 1124
At 160 got 1124
At 170 got 1124
At 180 got 1124
At 190 got 1124
At 200 got 1124
Time consumed for Main algorithm:90354.58700000ms
READING ..\tests\D\d16.stp
Time consumed for Input Reading:135.53900000ms
I read: |V| = 1000, |E| = 25000, |S| = 5
Got distance matroid with size 1001
Time consumed for Input Preprocessing:5315.95800000ms
Running algorithm...
	Init population: Done heuristics
At 10 got 13
At 20 got 13
At 30 got 13
At 40 got 13
At 50 got 13
At 60 got 13
At 70 got 13
At 80 got 13
At 90 got 13
At 100 got 13
At 110 got 13
At 120 got 13
At 130 got 13
At 140 got 13
At 150 got 13
At 160 got 13
At 170 got 13
At 180 got 13
At 190 got 13
At 200 got 13
Time consumed for Main algorithm:295602.03800000ms
READING ..\tests\D\d17.stp
Time consumed for Input Reading:147.26300000ms
I read: |V| = 1000, |E| = 25000, |S| = 10
Got distance matroid with size 1001
Time consumed for Input Preprocessing:5347.33600000ms
Running algorithm...
	Init population: Done heuristics
At 10 got 26
At 20 got 26
At 30 got 26
At 40 got 26
At 50 got 26
At 60 got 24
At 70 got 24
At 80 got 24
At 90 got 24
At 100 got 24
At 110 got 24
At 120 got 24
At 130 got 24
At 140 got 24
At 150 got 24
At 160 got 24
At 170 got 24
At 180 got 24
At 190 got 24
At 200 got 24
Time consumed for Main algorithm:302438.27700000ms
READING ..\tests\D\d18.stp
Time consumed for Input Reading:160.11100000ms
I read: |V| = 1000, |E| = 25000, |S| = 167
Got distance matroid with size 1001
Time consumed for Input Preprocessing:5581.86100000ms
Running algorithm...
	Init population: Done heuristics
At 10 got 301
At 20 got 283
At 30 got 267
At 40 got 265
At 50 got 251
At 60 got 251
At 70 got 246
At 80 got 245
At 90 got 240
At 100 got 240
At 110 got 239
At 120 got 237
At 130 got 237
At 140 got 235
At 150 got 235
At 160 got 235
At 170 got 235
At 180 got 235
At 190 got 235
At 200 got 235
Time consumed for Main algorithm:318806.93400000ms
READING ..\tests\D\d19.stp
Time consumed for Input Reading:116.28800000ms
I read: |V| = 1000, |E| = 25000, |S| = 250
Got distance matroid with size 1001
Time consumed for Input Preprocessing:5277.16000000ms
Running algorithm...
	Init population: Done heuristics
At 10 got 400
At 20 got 370
At 30 got 364
At 40 got 358
At 50 got 347
At 60 got 343
At 70 got 337
At 80 got 333
At 90 got 330
At 100 got 328
At 110 got 326
At 120 got 326
At 130 got 326
At 140 got 326
At 150 got 326
At 160 got 325
At 170 got 325
At 180 got 325
At 190 got 325
At 200 got 325
Time consumed for Main algorithm:315358.02200000ms
READING ..\tests\D\d20.stp
Time consumed for Input Reading:107.22900000ms
I read: |V| = 1000, |E| = 25000, |S| = 500
Got distance matroid with size 1001
Time consumed for Input Preprocessing:5345.80200000ms
Running algorithm...
	Init population: Done heuristics
At 10 got 628
At 20 got 603
At 30 got 584
At 40 got 581
At 50 got 572
At 60 got 564
At 70 got 564
At 80 got 564
At 90 got 561
At 100 got 560
At 110 got 560
At 120 got 559
At 130 got 558
At 140 got 558
At 150 got 558
At 160 got 558
At 170 got 558
At 180 got 558
At 190 got 558
At 200 got 558
Time consumed for Main algorithm:322998.54100000ms
READING ..\tests\SP\antiwheel5.stp
Time consumed for Input Reading:57.55400000ms
I read: |V| = 10, |E| = 15, |S| = 5
Got distance matroid with size 11
Time consumed for Input Preprocessing:1.68800000ms
Running algorithm...
	Init population: Done heuristics
At 10 got 7
At 20 got 7
At 30 got 7
At 40 got 7
At 50 got 7
At 60 got 7
At 70 got 7
At 80 got 7
At 90 got 7
At 100 got 7
Time consumed for Main algorithm:921.57400000ms
READING ..\tests\SP\design432.stp
Time consumed for Input Reading:2.90400000ms
I read: |V| = 8, |E| = 20, |S| = 4
Got distance matroid with size 9
Time consumed for Input Preprocessing:0.34600000ms
Running algorithm...
	Init population: Done heuristics
At 10 got 9
At 20 got 9
At 30 got 9
At 40 got 9
At 50 got 9
At 60 got 9
At 70 got 9
At 80 got 9
At 90 got 9
At 100 got 9
Time consumed for Main algorithm:1004.80700000ms
READING ..\tests\SP\oddcycle3.stp
Time consumed for Input Reading:0.66000000ms
I read: |V| = 6, |E| = 9, |S| = 3
Got distance matroid with size 7
Time consumed for Input Preprocessing:0.25800000ms
Running algorithm...
	Init population: Done heuristics
At 10 got 4
At 20 got 4
At 30 got 4
At 40 got 4
At 50 got 4
At 60 got 4
At 70 got 4
At 80 got 4
At 90 got 4
At 100 got 4
Time consumed for Main algorithm:792.54200000ms
READING ..\tests\SP\oddwheel3.stp
Time consumed for Input Reading:0.66300000ms
I read: |V| = 7, |E| = 9, |S| = 4
Got distance matroid with size 8
Time consumed for Input Preprocessing:0.04900000ms
Running algorithm...
	Init population: Done heuristics
At 10 got 5
At 20 got 5
At 30 got 5
At 40 got 5
At 50 got 5
At 60 got 5
At 70 got 5
At 80 got 5
At 90 got 5
At 100 got 5
Time consumed for Main algorithm:813.90900000ms
READING ..\tests\SP\se03.stp
Time consumed for Input Reading:0.64100000ms
I read: |V| = 13, |E| = 21, |S| = 4
Got distance matroid with size 14
Time consumed for Input Preprocessing:0.09200000ms
Running algorithm...
	Init population: Done heuristics
At 10 got 12
At 20 got 12
At 30 got 12
At 40 got 12
At 50 got 12
At 60 got 12
At 70 got 12
At 80 got 12
At 90 got 12
At 100 got 12
Time consumed for Main algorithm:962.97400000ms
READING ..\tests\SP\w13c29.stp
Time consumed for Input Reading:4.01700000ms
I read: |V| = 783, |E| = 2262, |S| = 406
Got distance matroid with size 784
Time consumed for Input Preprocessing:1564.81900000ms
Running algorithm...
	Init population: Done heuristics
At 10 got 573
At 20 got 563
At 30 got 558
At 40 got 555
At 50 got 554
At 60 got 550
At 70 got 549
At 80 got 548
At 90 got 547
At 100 got 547
At 110 got 547
At 120 got 547
At 130 got 547
At 140 got 547
At 150 got 547
At 160 got 547
At 170 got 547
At 180 got 547
At 190 got 547
At 200 got 547
Time consumed for Main algorithm:74827.35600000ms
READING ..\tests\SP\w23c23.stp
Time consumed for Input Reading:66.62500000ms
I read: |V| = 1081, |E| = 3174, |S| = 552
Got distance matroid with size 1082
Time consumed for Input Preprocessing:3663.55600000ms
Running algorithm...
	Init population: Done heuristics
At 10 got 798
At 20 got 790
At 30 got 780
At 40 got 775
At 50 got 774
At 60 got 772
At 70 got 769
At 80 got 767
At 90 got 765
At 100 got 762
At 110 got 762
At 120 got 762
At 130 got 761
At 140 got 760
At 150 got 760
At 160 got 760
At 170 got 759
At 180 got 759
At 190 got 759
At 200 got 758
Time consumed for Main algorithm:73598.80700000ms
READING ..\tests\SP\w3c571.stp
Time consumed for Input Reading:141.50000000ms
I read: |V| = 3997, |E| = 10278, |S| = 2284
Got distance matroid with size 3998
Time consumed for Input Preprocessing:65212.96400000ms
Running algorithm...
	Init population: Done heuristics
At 10 got 3257
At 20 got 3218
At 30 got 3209
At 40 got 3192
At 50 got 3178
At 60 got 3171
At 70 got 3163
At 80 got 3161
At 90 got 3155
At 100 got 3149
At 110 got 3147
At 120 got 3143
At 130 got 3140
At 140 got 3130
At 150 got 3130
At 160 got 3130
At 170 got 3130
At 180 got 3128
At 190 got 3127
At 200 got 3126
Time consumed for Main algorithm:581098.15400000ms
READING ..\tests\MC\mc11.stp
Time consumed for Input Reading:583.59200000ms
I read: |V| = 400, |E| = 760, |S| = 213
Got distance matroid with size 401
Time consumed for Input Preprocessing:198.20300000ms
Running algorithm...
	Init population: Done heuristics
At 10 got 11875
At 20 got 11843
At 30 got 11835
At 40 got 11819
At 50 got 11802
At 60 got 11800
At 70 got 11790
At 80 got 11748
At 90 got 11745
At 100 got 11723
Time consumed for Main algorithm:13219.10900000ms
READING ..\tests\MC\mc13.stp
Time consumed for Input Reading:30.44400000ms
I read: |V| = 150, |E| = 11175, |S| = 80
Got distance matroid with size 151
Time consumed for Input Preprocessing:37.46200000ms
Running algorithm...
	Init population: Done heuristics
At 10 got 107
At 20 got 107
At 30 got 104
At 40 got 104
At 50 got 102
At 60 got 102
At 70 got 100
At 80 got 100
At 90 got 100
At 100 got 100
At 110 got 99
At 120 got 99
At 130 got 99
At 140 got 99
At 150 got 99
At 160 got 99
At 170 got 99
At 180 got 99
At 190 got 99
At 200 got 99
Time consumed for Main algorithm:134223.08700000ms
READING ..\tests\MC\mc2.stp
Time consumed for Input Reading:16.96200000ms
I read: |V| = 120, |E| = 7140, |S| = 60
Got distance matroid with size 121
Time consumed for Input Preprocessing:17.71800000ms
Running algorithm...
	Init population: Done heuristics
At 10 got 83
At 20 got 82
At 30 got 80
At 40 got 80
At 50 got 78
At 60 got 77
At 70 got 77
At 80 got 77
At 90 got 76
At 100 got 76
At 110 got 76
At 120 got 76
At 130 got 76
At 140 got 76
At 150 got 76
At 160 got 76
At 170 got 76
At 180 got 76
At 190 got 76
At 200 got 76
Time consumed for Main algorithm:87860.03500000ms
READING ..\tests\MC\mc3.stp
Time consumed for Input Reading:8.11400000ms
I read: |V| = 97, |E| = 4656, |S| = 45
Got distance matroid with size 98
Time consumed for Input Preprocessing:8.26400000ms
Running algorithm...
	Init population: Done heuristics
At 10 got 48
At 20 got 48
At 30 got 48
At 40 got 48
At 50 got 48
At 60 got 48
At 70 got 48
At 80 got 48
At 90 got 48
At 100 got 48
At 110 got 48
At 120 got 48
At 130 got 48
At 140 got 48
At 150 got 48
At 160 got 48
At 170 got 48
At 180 got 48
At 190 got 48
At 200 got 48
Time consumed for Main algorithm:54545.88300000ms
READING ..\tests\MC\mc7.stp
Time consumed for Input Reading:2.67600000ms
I read: |V| = 400, |E| = 760, |S| = 170
Got distance matroid with size 401
Time consumed for Input Preprocessing:142.86300000ms
Running algorithm...
	Init population: Done heuristics
At 10 got 3495
At 20 got 3494
At 30 got 3463
At 40 got 3457
At 50 got 3455
At 60 got 3455
At 70 got 3451
At 80 got 3450
At 90 got 3449
At 100 got 3449
Time consumed for Main algorithm:12250.65600000ms
READING ..\tests\MC\mc8.stp
Time consumed for Input Reading:9.46600000ms
I read: |V| = 400, |E| = 760, |S| = 188
Got distance matroid with size 401
Time consumed for Input Preprocessing:138.04300000ms
Running algorithm...
	Init population: Done heuristics
At 10 got 1616
At 20 got 1605
At 30 got 1597
At 40 got 1593
At 50 got 1590
At 60 got 1583
At 70 got 1582
At 80 got 1581
At 90 got 1579
At 100 got 1579
Time consumed for Main algorithm:13458.07000000ms
READING ..\tests\X\berlin52.stp
Time consumed for Input Reading:10.39800000ms
I read: |V| = 52, |E| = 1326, |S| = 16
Got distance matroid with size 53
Time consumed for Input Preprocessing:4.43000000ms
Running algorithm...
	Init population: Done heuristics
At 10 got 1214
At 20 got 1212
At 30 got 1192
At 40 got 1192
At 50 got 1192
At 60 got 1192
At 70 got 1183
At 80 got 1136
At 90 got 1127
At 100 got 1125
At 110 got 1116
At 120 got 1116
At 130 got 1097
At 140 got 1096
At 150 got 1079
At 160 got 1074
At 170 got 1074
At 180 got 1070
At 190 got 1070
At 200 got 1070
Time consumed for Main algorithm:17651.34500000ms
READING ..\tests\X\brasil58.stp
Time consumed for Input Reading:7.34100000ms
I read: |V| = 58, |E| = 1653, |S| = 25
Got distance matroid with size 59
Time consumed for Input Preprocessing:2.86600000ms
Running algorithm...
	Init population: Done heuristics
At 10 got 14550
At 20 got 14421
At 30 got 14318
At 40 got 14318
At 50 got 14206
At 60 got 14135
At 70 got 14050
At 80 got 13970
At 90 got 13886
At 100 got 13886
At 110 got 13882
At 120 got 13851
At 130 got 13830
At 140 got 13756
At 150 got 13753
At 160 got 13753
At 170 got 13753
At 180 got 13753
At 190 got 13753
At 200 got 13753
Time consumed for Main algorithm:21744.44900000ms
READING ..\tests\X\world666.stp
Time consumed for Input Reading:349.96900000ms
I read: |V| = 666, |E| = 221445, |S| = 174
Got distance matroid with size 667
Time consumed for Input Preprocessing:1796.96000000ms
Running algorithm...
	Init population: Done heuristics
At 10 got 164763
At 20 got 160977
At 30 got 160977
At 40 got 160977
At 50 got 160977
At 60 got 160977
At 70 got 160977
